  u/EP0LANWzWtPNpLJW/ — 4 чатов, 15 сообщений
  u/snAgzGulJbSIwrAy/ — 4 чатов, 15 сообщений
  u/WNwvyYrTILL2u2NJ/ — 4 чатов, 15 сообщений

Готово.
/root/united-dialog-archive/publish.sh: line 7: git: command not found
  u/EP0LANWzWtPNpLJW/ — 4 чатов, 16 сообщений
  u/snAgzGulJbSIwrAy/ — 4 чатов, 16 сообщений
  u/WNwvyYrTILL2u2NJ/ — 4 чатов, 16 сообщений

Готово.
[main e6d63a4] auto: 2026-09-23 18:21
 5 files changed, 47 insertions(+), 6 deletions(-)
 create mode 100644 cron.log
 create mode 100755 loop.sh
To https://github.com/cfmz/united-dialog-archive.git
   b5c60d3..e6d63a4  main -> main
✅ Опубликовано: https://cfmz.github.io/united-dialog-archive/
--- Wed Sep 23 18:21:58 UTC 2026 ---
  u/EP0LANWzWtPNpLJW/ — 4 чатов, 136 сообщений
  u/snAgzGulJbSIwrAy/ — 4 чатов, 136 сообщений
  u/WNwvyYrTILL2u2NJ/ — 4 чатов, 136 сообщений
  u/F8bpDeq8zylVNYB7/ — 1 чатов, 1 сообщений

Готово.
[main ca8678c] auto: 2026-09-23 18:31
 1 file changed, 6 insertions(+)
To https://github.com/cfmz/united-dialog-archive.git
   a58e62b..ca8678c  main -> main
✅ Опубликовано: https://cfmz.github.io/united-dialog-archive/
--- Wed Sep 23 18:32:06 UTC 2026 ---
  u/EP0LANWzWtPNpLJW/ — 4 чатов, 143 сообщений
  u/snAgzGulJbSIwrAy/ — 4 чатов, 143 сообщений
  u/WNwvyYrTILL2u2NJ/ — 4 чатов, 143 сообщений
  u/F8bpDeq8zylVNYB7/ — 1 чатов, 6 сообщений
  u/SDSAVfOrgOe6KG7M/ — 1 чатов, 2 сообщений

Готово.
[main a1932a5] auto: 2026-09-23 18:42
 1 file changed, 7 insertions(+)
To https://github.com/cfmz/united-dialog-archive.git
   0c65776..a1932a5  main -> main
✅ Опубликовано: https://cfmz.github.io/united-dialog-archive/
--- Wed Sep 23 18:42:15 UTC 2026 ---
  u/EP0LANWzWtPNpLJW/ — 5 чатов, 147 сообщений
  u/snAgzGulJbSIwrAy/ — 5 чатов, 147 сообщений
  u/WNwvyYrTILL2u2NJ/ — 5 чатов, 147 сообщений
  u/F8bpDeq8zylVNYB7/ — 1 чатов, 6 сообщений
  u/SDSAVfOrgOe6KG7M/ — 1 чатов, 2 сообщений
  u/R3mr6PHDQQf2K8DO/ — 1 чатов, 4 сообщений

Готово.
[main 4e0866b] auto: 2026-09-23 18:52
 6 files changed, 358 insertions(+)
 create mode 100644 u/R3mr6PHDQQf2K8DO/data.json
 create mode 100644 u/R3mr6PHDQQf2K8DO/index.html
To https://github.com/cfmz/united-dialog-archive.git
   a1932a5..4e0866b  main -> main
✅ Опубликовано: https://cfmz.github.io/united-dialog-archive/
--- Wed Sep 23 18:52:24 UTC 2026 ---
  u/EP0LANWzWtPNpLJW/ — 5 чатов, 147 сообщений
  u/snAgzGulJbSIwrAy/ — 5 чатов, 147 сообщений
  u/WNwvyYrTILL2u2NJ/ — 5 чатов, 147 сообщений
  u/F8bpDeq8zylVNYB7/ — 1 чатов, 6 сообщений
  u/SDSAVfOrgOe6KG7M/ — 1 чатов, 2 сообщений
  u/R3mr6PHDQQf2K8DO/ — 1 чатов, 4 сообщений
  u/TxyWsNnYaw1ib6Zh/ — 5 чатов, 147 сообщений

Готово.
[main 1f3a59c] auto: 2026-09-23 19:02
 3 files changed, 1418 insertions(+)
 create mode 100644 u/TxyWsNnYaw1ib6Zh/data.json
 create mode 100644 u/TxyWsNnYaw1ib6Zh/index.html
To https://github.com/cfmz/united-dialog-archive.git
   4e0866b..1f3a59c  main -> main
✅ Опубликовано: https://cfmz.github.io/united-dialog-archive/
--- Wed Sep 23 19:02:32 UTC 2026 ---
  u/EP0LANWzWtPNpLJW/ — 5 чатов, 147 сообщений
  u/snAgzGulJbSIwrAy/ — 5 чатов, 147 сообщений
  u/WNwvyYrTILL2u2NJ/ — 5 чатов, 147 сообщений
  u/F8bpDeq8zylVNYB7/ — 1 чатов, 6 сообщений
  u/SDSAVfOrgOe6KG7M/ — 1 чатов, 2 сообщений
  u/R3mr6PHDQQf2K8DO/ — 1 чатов, 4 сообщений
  u/TxyWsNnYaw1ib6Zh/ — 5 чатов, 147 сообщений
  u/zdnqe_YciIoTzz11/ — 5 чатов, 147 сообщений
  u/qIszgOOOpLpOa2wI/ — 5 чатов, 147 сообщений

Готово.
